[2022-05-09T22:27:20.608+0000][264][gc,init] CardTable entry size: 512
[2022-05-09T22:27:20.610+0000][264][gc     ] Using G1
[2022-05-09T22:27:20.621+0000][264][gc,init] Version: 18+36 (release)
[2022-05-09T22:27:20.622+0000][264][gc,init] CPUs: 4 total, 4 available
[2022-05-09T22:27:20.623+0000][264][gc,init] Memory: 3933M
[2022-05-09T22:27:20.624+0000][264][gc,init] Large Page Support: Disabled
[2022-05-09T22:27:20.625+0000][264][gc,init] NUMA Support: Disabled
[2022-05-09T22:27:20.626+0000][264][gc,init] Compressed Oops: Enabled (32-bit)
[2022-05-09T22:27:20.628+0000][264][gc,init] Heap Region Size: 1M
[2022-05-09T22:27:20.629+0000][264][gc,init] Heap Min Capacity: 1966M
[2022-05-09T22:27:20.630+0000][264][gc,init] Heap Initial Capacity: 1966M
[2022-05-09T22:27:20.631+0000][264][gc,init] Heap Max Capacity: 1966M
[2022-05-09T22:27:20.632+0000][264][gc,init] Pre-touch: Disabled
[2022-05-09T22:27:20.633+0000][264][gc,init] Parallel Workers: 4
[2022-05-09T22:27:20.635+0000][264][gc,init] Concurrent Workers: 1
[2022-05-09T22:27:20.636+0000][264][gc,init] Concurrent Refinement Workers: 4
[2022-05-09T22:27:20.638+0000][264][gc,init] Periodic GC: Disabled
[2022-05-09T22:27:20.639+0000][264][gc,metaspace] CDS archive(s) not mapped
[2022-05-09T22:27:20.641+0000][264][gc,metaspace] Compressed class space mapped at: 0x0000000100000000-0x0000000140000000, reserved size: 1073741824
[2022-05-09T22:27:20.644+0000][264][gc,metaspace] Narrow klass base: 0x0000000000000000, Narrow klass shift: 3, Narrow klass range: 0x140000000
[2022-05-09T22:27:20.691+0000][264][gc,heap,exit] Heap
[2022-05-09T22:27:20.693+0000][264][gc,heap,exit]  garbage-first heap   total 2013184K, used 2048K [0x0000000085200000, 0x0000000100000000)
[2022-05-09T22:27:20.695+0000][264][gc,heap,exit]   region size 1024K, 2 young (2048K), 0 survivors (0K)
[2022-05-09T22:27:20.697+0000][264][gc,heap,exit]  Metaspace       used 3522K, committed 3584K, reserved 1114112K
[2022-05-09T22:27:20.698+0000][264][gc,heap,exit]   class space    used 271K, committed 320K, reserved 1048576K
